// Jest Snapshot v1, https://goo.gl/fbAQLP

exports[`should bingo Game Over & new Game  1`] = `
<div>
  <div>
    <h1>
      猜數字
    </h1>
    <ul>
      <li>
        一進到遊戲電腦隨機產生4位不重複數字
      </li>
      <li>
        使用者送出答案，若不符合「不重複4位數字」則跳錯誤訊息
      </li>
      <li>
        送出的答案跟正確答案比較，位置一樣則A，位置不同則B
      </li>
      <li>
        會累積過去猜過的答案與結果
      </li>
      <li>
        如果猜到 4A 則遊戲結束，並可以另開新局。
      </li>
    </ul>
    <form>
      <input
        type="text"
      />
      <button>
        猜!
      </button>
    </form>
    <div
      class="hide"
      data-testid="bingo"
    >
      bingo ! game over ， replay?
      <button
        data-testid="replay"
      >
        Yes
      </button>
    </div>
    <ul
      data-testid="ul"
    >
      <li
        data-testid="result-0"
      >
        8521: 1A1B
      </li>
    </ul>
  </div>
</div>
`;
